<xxxï¿½xï¿½xï¿½ï¿½x\'
ï¿½ESP-ROM:esp32c3-api1-20210207
Build:Feb  7 2021
rst:0x1 (POWERON),boot:0xc (SPI_FAST_FLASH_BOOT)
SPIWP:0xee
mode:DIO, clock div:1
load:0x3fcd5820,len:0x1738
load:0x403cc710,len:0xb9c
load:0x403ce710,len:0x2e40
entry 0x403cc71a
[0;32mI (30) boot: ESP-IDF v5.2.2-dirty 2nd stage bootloader[0m
[0;32mI (30) boot: compile time Dec 16 2024 13:23:05[0m
[0;32mI (30) boot: chip revision: v0.4[0m
[0;32mI (34) boot.esp32c3: SPI Speed      : 80MHz[0m
[0;32mI (39) boot.esp32c3: SPI Mode       : DIO[0m
[0;32mI (43) boot.esp32c3: SPI Flash Size : 4MB[0m
[0;32mI (48) boot: Enabling RNG early entropy source...[0m
[0;32mI (53) boot: Partition Table:[0m
[0;32mI (57) boot: ## Label            Usage          Type ST Offset   Length[0m
[0;32mI (64) boot:  0 nvs              WiFi data        01 02 00009000 00006000[0m
[0;32mI (72) boot:  1 phy_init         RF data          01 01 0000f000 00001000[0m
[0;32mI (79) boot:  2 factory          factory app      00 00 00010000 00100000[0m
[0;32mI (87) boot: End of partition table[0m
[0;32mI (91) esp_image: segment 0: paddr=00010020 vaddr=3c0b0020 size=24ab8h (150200) map[0m
[0;32mI (123) esp_image: segment 1: paddr=00034ae0 vaddr=3fc91c00 size=02b08h ( 11016) load[0m
[0;32mI (125) esp_image: segment 2: paddr=000375f0 vaddr=40380000 size=08a28h ( 35368) load[0m
[0;32mI (135) esp_image: segment 3: paddr=00040020 vaddr=42000020 size=a1834h (661556) map[0m
[0;32mI (240) esp_image: segment 4: paddr=000e185c vaddr=40388a28 size=0903ch ( 36924) load[0m
[0;32mI (253) boot: Loaded app from partition at offset 0x10000[0m
[0;32mI (253) boot: Disabling RNG early entropy source...[0m
[0;32mI (265) cpu_start: Unicore app[0m
[0;32mI (273) cpu_start: Pro cpu start user code[0m
[0;32mI (273) cpu_start: cpu freq: 160000000 Hz[0m
[0;32mI (273) cpu_start: Application information:[0m
[0;32mI (276) cpu_start: Project name:     wifi_station[0m
[0;32mI (282) cpu_start: App version:      1[0m
[0;32mI (286) cpu_start: Compile time:     Dec 16 2024 13:22:55[0m
[0;32mI (292) cpu_start: ELF file SHA256:  2ea7102c0...[0m
[0;32mI (298) cpu_start: ESP-IDF:          v5.2.2-dirty[0m
[0;32mI (303) cpu_start: Min chip rev:     v0.3[0m
[0;32mI (308) cpu_start: Max chip rev:     v1.99 [0m
[0;32mI (313) cpu_start: Chip rev:         v0.4[0m
[0;32mI (317) heap_init: Initializing. RAM available for dynamic allocation:[0m
[0;32mI (325) heap_init: At 3FC98D50 len 000272B0 (156 KiB): RAM[0m
[0;32mI (331) heap_init: At 3FCC0000 len 0001C710 (113 KiB): Retention RAM[0m
[0;32mI (338) heap_init: At 3FCDC710 len 00002950 (10 KiB): Retention RAM[0m
[0;32mI (345) heap_init: At 50000010 len 00001FD8 (7 KiB): RTCRAM[0m
[0;32mI (352) spi_flash: detected chip: generic[0m
[0;32mI (356) spi_flash: flash io: dio[0m
[0;32mI (360) sleep: Configure to isolate all GPIO pins in sleep state[0m
[0;32mI (366) sleep: Enable automatic switching of GPIO sleep configuration[0m
[0;32mI (374) main_task: Started on CPU0[0m
[0;32mI (374) main_task: Calling app_main()[0m
[0;32mI (384) GPIO Touch Sensor: ESP_WIFI_MODE_STA[0m
[0;32mI (384) pp: pp rom version: 9387209[0m
[0;32mI (384) net80211: net80211 rom version: 9387209[0m
I (404) wifi:wifi driver task: 3fca18dc, prio:23, stack:6656, core=0
I (404) wifi:wifi firmware version: 3e0076f
I (404) wifi:wifi certification version: v7.0
I (404) wifi:config NVS flash: enabled
I (414) wifi:config nano formating: disabled
I (414) wifi:Init data frame dynamic rx buffer num: 32
I (414) wifi:Init static rx mgmt buffer num: 5
I (424) wifi:Init management short buffer num: 32
I (424) wifi:Init dynamic tx buffer num: 32
I (434) wifi:Init static tx FG buffer num: 2
I (434) wifi:Init static rx buffer size: 1600
I (434) wifi:Init static rx buffer num: 10
I (444) wifi:Init dynamic rx buffer num: 32
[0;32mI (444) wifi_init: rx ba win: 6[0m
[0;32mI (454) wifi_init: tcpip mbox: 32[0m
[0;32mI (454) wifi_init: udp mbox: 6[0m
[0;32mI (454) wifi_init: tcp mbox: 6[0m
[0;32mI (464) wifi_init: tcp tx win: 5760[0m
[0;32mI (464) wifi_init: tcp rx win: 5760[0m
[0;32mI (474) wifi_init: tcp mss: 1440[0m
[0;32mI (474) wifi_init: WiFi IRAM OP enabled[0m
[0;32mI (474) wifi_init: WiFi RX IRAM OP enabled[0m
[0;32mI (484) phy_init: phy_version 1170,f4aea9b,Apr 30 2024,10:49:24[0m
I (574) wifi:mode : sta (34:85:18:02:2d:24)
I (574) wifi:enable tsf
[0;32mI (574) GPIO Touch Sensor: wifi_init_sta finished.[0m
I (584) wifi:new:<6,0>, old:<1,0>, ap:<255,255>, sta:<6,0>, prof:1
I (584) wifi:state: init -> auth (b0)
I (604) wifi:state: auth -> assoc (0)
I (614) wifi:state: assoc -> run (10)
I (1174) wifi:connected with Turtlee, aid = 1, channel 6, BW20, bssid = d6:c8:e0:c2:92:b8
I (1174) wifi:security: WPA2-PSK, phy: bgn, rssi: -18
I (1174) wifi:pm start, type: 1

I (1184) wifi:dp: 1, bi: 102400, li: 3, scale listen interval from 307200 us to 307200 us
I (1184) wifi:set rx beacon pti, rx_bcn_pti: 0, bcn_timeout: 25000, mt_pti: 0, mt_time: 10000
I (1234) wifi:AP's beacon interval = 102400 us, DTIM period = 1
[0;32mI (2694) esp_netif_handlers: sta ip: 172.20.10.5, mask: 255.255.255.240, gw: 172.20.10.1[0m
[0;32mI (2694) GPIO Touch Sensor: got ip:172.20.10.5[0m
[0;32mI (2694) GPIO Touch Sensor: connected to ap SSID:Turtlee password:11111111[0m
[0;32mI (2704) mqtts_example: [APP] Free memory: 229856 bytes[0m
[0;32mI (2704) mqtts_example: Other event id:7[0m
[0;32mI (2714) GPIO Touch Sensor: Initializing touch sensors using GPIO[0m
[0;32mI (2714) gpio: GPIO[2]| InputEn: 0| OutputEn: 1| OpenDrain: 0| Pullup: 0| Pulldown: 0| Intr:0 [0m
I (2714) wifi:<ba-add>idx:0 (ifx:0, d6:c8:e0:c2:92:b8), tid:0, ssn:2, winSize:64
[0;32mI (2734) gpio: GPIO[3]| InputEn: 0| OutputEn: 1| OpenDrain: 0| Pullup: 0| Pulldown: 0| Intr:0 [0m
[0;32mI (2744) gpio: GPIO[4]| InputEn: 0| OutputEn: 1| OpenDrain: 0| Pullup: 0| Pulldown: 0| Intr:0 [0m
[0;32mI (2754) gpio: GPIO[5]| InputEn: 0| OutputEn: 1| OpenDrain: 0| Pullup: 0| Pulldown: 0| Intr:0 [0m
[0;32mI (2764) gpio: GPIO[6]| InputEn: 0| OutputEn: 1| OpenDrain: 0| Pullup: 0| Pulldown: 0| Intr:0 [0m
[0;32mI (2774) gpio: GPIO[7]| InputEn: 0| OutputEn: 1| OpenDrain: 0| Pullup: 0| Pulldown: 0| Intr:0 [0m
[0;32mI (2784) gpio: GPIO[4]| InputEn: 1| OutputEn: 0| OpenDrain: 0| Pullup: 0| Pulldown: 1| Intr:3 [0m
[0;32mI (2794) gpio: GPIO[5]| InputEn: 1| OutputEn: 0| OpenDrain: 0| Pullup: 0| Pulldown: 1| Intr:3 [0m
[0;32mI (2804) gpio: GPIO[6]| InputEn: 1| OutputEn: 0| OpenDrain: 0| Pullup: 0| Pulldown: 1| Intr:3 [0m
[0;32mI (2804) gpio: GPIO[7]| InputEn: 1| OutputEn: 0| OpenDrain: 0| Pullup: 0| Pulldown: 1| Intr:3 [0m
[0;32mI (2814) gpio: GPIO[8]| InputEn: 0| OutputEn: 1| OpenDrain: 0| Pullup: 0| Pulldown: 0| Intr:0 [0m
[0;32mI (3384) mqtts_example: MQTT_EVENT_CONNECTED[0m
[0;32mI (3384) mqtts_example: sent subscribe successful, msg_id=3942[0m
[0;32mI (3754) mqtts_example: MQTT_EVENT_SUBSCRIBED, msg_id=3942[0m
[0;32mI (8614) mqtts_example: MQTT_EVENT_DATA[0m
TOPIC=v1/devices/me/rpc/request/519
DATA={"method":"rainbow","params":null}
[0;32mI (8614) GPIO Touch Sensor: Received method: rainbow[0m
[0;32mI (8614) GPIO Touch Sensor: Executing rainbow effect.[0m
[0;32mI (41114) GPIO Touch Sensor: Button on GPIO[6] Pressed[0m
[0;32mI (41234) GPIO Touch Sensor: GPIO[6] Short Press Detected![0m
[0;32mI (41244) GPIO Touch Sensor: GPIO[6] -> Output[6]: ON[0m
[0;32mI (41244) mqtts_example: Message published successfully: {"value6":1}[0m
LEDs for Sensor 1 updated: ON
[0;32mI (41844) GPIO Touch Sensor: Button on GPIO[5] Pressed[0m
[0;32mI (41994) GPIO Touch Sensor: GPIO[5] Short Press Detected![0m
[0;32mI (41994) GPIO Touch Sensor: GPIO[5] -> Output[5]: ON[0m
[0;32mI (42004) mqtts_example: Message published successfully: {"value5":1}[0m
LEDs for Sensor 2 updated: ON
[0;32mI (42284) GPIO Touch Sensor: Button on GPIO[5] Pressed[0m
[0;32mI (42484) GPIO Touch Sensor: GPIO[5] Short Press Detected![0m
[0;32mI (42484) GPIO Touch Sensor: GPIO[5] -> Output[5]: OFF[0m
[0;32mI (42484) mqtts_example: Message published successfully: {"value5":0}[0m
LEDs for Sensor 2 updated: OFF
[0;32mI (42904) GPIO Touch Sensor: Button on GPIO[4] Pressed[0m
[0;32mI (43054) GPIO Touch Sensor: GPIO[4] Short Press Detected![0m
[0;32mI (43054) GPIO Touch Sensor: GPIO[4] -> Output[4]: ON[0m
[0;32mI (43064) mqtts_example: Message published successfully: {"value4":1}[0m
LEDs for Sensor 3 updated: ON
